=== RUN   TestCircuitBreaker
--- PASS: TestCircuitBreaker (0.15s)
=== RUN   TestDomainClassifier
=== RUN   TestDomainClassifier/Weather_query
=== RUN   TestDomainClassifier/Finance_query
    classifier_test.go:26: Classify("bitcoin price today") = "news", want "finance"
=== RUN   TestDomainClassifier/Medical_query
=== RUN   TestDomainClassifier/Unknown_query
--- FAIL: TestDomainClassifier (0.00s)
    --- PASS: TestDomainClassifier/Weather_query (0.00s)
    --- FAIL: TestDomainClassifier/Finance_query (0.00s)
    --- PASS: TestDomainClassifier/Medical_query (0.00s)
    --- PASS: TestDomainClassifier/Unknown_query (0.00s)
=== RUN   TestPolicyEngine
--- PASS: TestPolicyEngine (0.02s)
=== RUN   TestL1Cache_LRUAndMemory
    l1_test.go:27: expected q2 to exist
--- FAIL: TestL1Cache_LRUAndMemory (0.00s)
=== RUN   TestL1Cache_TTL
--- PASS: TestL1Cache_TTL (0.10s)
=== RUN   TestNormalize
=== RUN   TestNormalize/Lowercase
=== RUN   TestNormalize/Contraction_expansion
=== RUN   TestNormalize/Punctuation_removal
=== RUN   TestNormalize/Synonym_substitution
=== RUN   TestNormalize/Whitespace_collapsing
=== RUN   TestNormalize/Word_order_preserved_(nyc_weather)
=== RUN   TestNormalize/Word_order_preserved_(weather_nyc)
--- PASS: TestNormalize (0.02s)
    --- PASS: TestNormalize/Lowercase (0.00s)
    --- PASS: TestNormalize/Contraction_expansion (0.00s)
    --- PASS: TestNormalize/Punctuation_removal (0.00s)
    --- PASS: TestNormalize/Synonym_substitution (0.00s)
    --- PASS: TestNormalize/Whitespace_collapsing (0.00s)
    --- PASS: TestNormalize/Word_order_preserved_(nyc_weather) (0.00s)
    --- PASS: TestNormalize/Word_order_preserved_(weather_nyc) (0.00s)
=== RUN   TestOllamaClient
--- PASS: TestOllamaClient (0.01s)
=== RUN   TestCalculateConfidence
=== RUN   TestCalculateConfidence/Below_hard_gate
=== RUN   TestCalculateConfidence/Perfect_match,_zero_age
=== RUN   TestCalculateConfidence/Borderline_match,_1_hour_age
--- PASS: TestCalculateConfidence (0.00s)
    --- PASS: TestCalculateConfidence/Below_hard_gate (0.00s)
    --- PASS: TestCalculateConfidence/Perfect_match,_zero_age (0.00s)
    --- PASS: TestCalculateConfidence/Borderline_match,_1_hour_age (0.00s)
=== RUN   TestOldMultiplicativeCheck
--- PASS: TestOldMultiplicativeCheck (0.00s)
=== RUN   TestTemporalClass
=== RUN   TestTemporalClass/Today_keyword
=== RUN   TestTemporalClass/Now_keyword
=== RUN   TestTemporalClass/Tomorrow_keyword
=== RUN   TestTemporalClass/Next_week
=== RUN   TestTemporalClass/Yesterday
=== RUN   TestTemporalClass/Last_month
=== RUN   TestTemporalClass/No_temporal
--- PASS: TestTemporalClass (0.00s)
    --- PASS: TestTemporalClass/Today_keyword (0.00s)
    --- PASS: TestTemporalClass/Now_keyword (0.00s)
    --- PASS: TestTemporalClass/Tomorrow_keyword (0.00s)
    --- PASS: TestTemporalClass/Next_week (0.00s)
    --- PASS: TestTemporalClass/Yesterday (0.00s)
    --- PASS: TestTemporalClass/Last_month (0.00s)
    --- PASS: TestTemporalClass/No_temporal (0.00s)
FAIL
FAIL	github.com/Rohit-Bhardwaj10/semantic-cache/tests/unit	5.024s
FAIL
